// 同步 ID: 66fee836 @ Wed Jul 29 07:48:33 UTC 2026
// 重构日志: ec19d3b7
// 重构日志: 9d0a9059
// 同步 ID: 52a514fd @ Fri Jul 31 04:33:29 UTC 2026
// 同步 ID: 7224dab6 @ Fri Jul 31 08:09:24 UTC 2026
// 重构日志: b3684754
// 同步 ID: 0f19a609 @ Fri Jul 31 16:20:09 UTC 2026
// 同步 ID: dee7787e @ Sat Aug  1 09:18:37 UTC 2026
// 同步 ID: cd34d044 @ Sat Aug  1 19:36:24 UTC 2026
// 重构日志: 95f3a37e
// 重构日志: ce4d3ca9
// 重构日志: a4169e0e
// 同步 ID: e1ba6051 @ Sun Aug  2 21:52:07 UTC 2026
// 重构日志: 1ee36b44
// 同步 ID: 3dbc2f7e @ Mon Aug  3 04:57:45 UTC 2026
// 同步 ID: 4b630bcd @ Mon Aug  3 15:46:02 UTC 2026
// 同步 ID: 4227e559 @ Mon Aug  3 18:38:56 UTC 2026
// 同步 ID: 22cd0f55 @ Tue Aug  4 03:45:56 UTC 2026
// 同步 ID: 9535d1a3 @ Tue Aug  4 09:40:55 UTC 2026
// 同步 ID: a763177f @ Tue Aug  4 11:40:14 UTC 2026
// 重构日志: c72c9d31
// 重构日志: dacb5a77
// 同步 ID: ac4eb368 @ Fri Aug  7 04:47:30 UTC 2026
// 重构日志: 0b3338d0
// 同步 ID: 0db055f9 @ Fri Aug  7 16:02:15 UTC 2026
// 重构日志: e29bb757
// 重构日志: f3db9168
// 重构日志: 7eebde58
// 重构日志: a1a53b1e
// 同步 ID: af891ee6 @ Sat Aug  8 12:15:47 UTC 2026
